
 Redmine is a flexible project management web application. Written using the Ruby on 
 Rails framework, it is cross-platform and cross-database.
 
 
######Features##############

Multiple projects support
Flexible role based access control
Flexible issue tracking system
Gantt chart and calendar
News, documents & files management
Feeds & email notifications
Time tracking
Custom fields for issues, time-entries, projects and users
SCM integration (SVN, CVS, Git, Mercurial and Bazaar)
Issue creation via email
Multiple LDAP authentication support
User self-registration support
Multilanguage support
Multiple databases support




########How To Install Redmine Project Management Tool on Ubuntu step by step#############

######Prerequisites: Apache, mod-passenger, and MySQL####

$ sudo apt-get install apache2 libapache2-mod-passenger -y

$ sudo apt-get install mysql-server mysql-client -y


####Installing and configuring the Ubuntu Redmine package####
 
$ sudo apt-get install redmine redmine-mysql

####You want to allow dbconfig-common to configure the database when prompted so select Yes


#####Ensure the bundler gem is installed#####

$ sudo gem update

$ sudo gem install bundler


######Configuring Apache########

vi  /etc/apache2/mods-available/passenger.conf

 <IfModule mod_passenger.c>
  PassengerDefaultUser www-data
  PassengerRoot /usr
  PassengerRuby /usr/bin/ruby
</IfModule>


#####Now create a symlink to connect Redmine into the web document space:######

 $ sudo ln -s /usr/share/redmine/public /var/www/html/redmine
 
 
####And modify /etc/apache2/sites-available/000-default.conf#######

 vi /etc/apache2/sites-available/000-default.conf

 <Directory /var/www/html/redmine>
    RailsBaseURI /redmine
    PassengerResolveSymlinksInDocumentRoot on
</Directory>


#####Create and set the ownership of a Gemfile.lock file so that apache's www-data user can access it:#######

$ sudo touch /usr/share/redmine/Gemfile.lock

$ sudo chown www-data:www-data /usr/share/redmine/Gemfile.lock


#####create a directory##########

mkdir redmine

#######Next, create an Apache virtual host file for Redmine with the following command:##########

vi /etc/apache2/sites-available/redmine.conf

 <VirtualHost *:80>
     ServerAdmin admin@example.com
     DocumentRoot /var/www/html/redmine
     ServerName redmine.com
     ServerAlias www.redmine.com

     <Directory /var/www/html/redmine>
         RailsBaseURI /redmine
         PassengerResolveSymlinksInDocumentRoot on
     </Directory>

     ErrorLog ${APACHE_LOG_DIR}/error.log
     CustomLog ${APACHE_LOG_DIR}/access.log combined

 </VirtualHost>
 
 
######enable Redmine virtual host and Apache rewrite module#########

 sudo a2ensite redmine
 
sudo a2enmod rewrite



######Finally, restart Apache service to apply all the changes:#########

sudo systemctl restart apache2



####You should now be able to access redmine############


http://redmine.com
 


 
 
 


 